// Jest Snapshot v1, https://goo.gl/fbAQLP

exports[`browser feedback should render feedback 1`] = `
<div
  class="ohbug-feedback-root"
  data-testid="ohbug-feedback-root"
>
  <style>
    
  .ohbug-feedback-root {
    display: block;
    width: 100%;
    height: 100%;
    position: fixed;
    left: 0;
    top: 0;
    z-index: 999;
    background: rgba(0, 0, 0, 0.5);
    overflow: auto;
  }
  .ohbug-feedback-root * {
    box-sizing: border-box;
    color: #666;
  }

  .ohbug-feedback-dialog {
    max-width: 800px;
    margin: 5% auto 0;
    padding: 36px;
    background: white;
    border-radius: 5px;
  }

  .ohbug-feedback-dialog header {
    text-align: center;
    border-bottom: 1px solid #eee;
    padding-bottom: 18px;
  }
  .ohbug-feedback-dialog header p {
    color: #aaa;
  }

  .ohbug-feedback-content .ohbug-feedback-field {
    overflow: hidden;
  }
  .ohbug-feedback-content .ohbug-feedback-field label {
    display: block;
    margin: 18px 0 10px;
    font-size: 16px;
  }
  .ohbug-feedback-content .ohbug-feedback-field input, .ohbug-feedback-content .ohbug-feedback-field textarea {
    width: 100%;
    padding: 8px 12px;
    background: white;
    outline: none;
    border: 1px solid #ddd;
    border-radius: 2px;
  }
  .ohbug-feedback-submit {
    margin-top: 18px;
  }
  .ohbug-feedback-submit .ohbug-feedback-submit-btn {
    outline: none;
    border: none;
    padding: 0 20px;
    height: 36px;
    background-color: #3751ff;
    color: white;
    font-size: 16px;
    border-radius: 4px;
    cursor: pointer;
    box-shadow: 0 2px 0 rgba(0, 0, 0, 0.045);
    transition: background 0.3s ease;
    margin-right: 12px;
  }
  .ohbug-feedback-submit .ohbug-feedback-submit-btn:hover {
    background-color: #617bff;
  }
  .ohbug-feedback-submit-close {
    cursor: pointer;
  }
  .ohbug-feedback-submit-close:hover {
    text-decoration: underline;
  }

  </style>
  <div
    class="ohbug-feedback-dialog"
  >
    <header>
      <h2>
        似乎发生了一些问题。
      </h2>
      <p>
        如果您愿意提供帮助，可以在下方填写问题以便告诉我们发生了什么。
      </p>
    </header>
    <form
      method="post"
    >
      <div
        class="ohbug-feedback-content"
      >
        <div
          class="ohbug-feedback-field"
        >
          <label
            for="ohbug-feedback-name"
          >
            姓名
          </label>
          <input
            id="ohbug-feedback-name"
            maxlength="128"
            placeholder="Cxy"
            required="true"
            type="text"
          />
        </div>
        <div
          class="ohbug-feedback-field"
        >
          <label
            for="ohbug-feedback-email"
          >
            电子邮件
          </label>
          <input
            id="ohbug-feedback-email"
            maxlength="75"
            placeholder="Cxy@example.com"
            required="true"
            type="email"
          />
        </div>
        <div
          class="ohbug-feedback-field"
        >
          <label
            for="ohbug-feedback-comments"
          >
            发生了什么
          </label>
          <textarea
            cols="40"
            id="ohbug-feedback-comments"
            placeholder="我点击了按钮 A"
            required="true"
            rows="10"
          />
        </div>
      </div>
      <div
        class="ohbug-feedback-submit"
      >
        <button
          class="ohbug-feedback-submit-btn"
          type="submit"
        >
          提交
        </button>
        <a
          class="ohbug-feedback-submit-close"
        >
          关闭
        </a>
      </div>
    </form>
  </div>
</div>
`;
